2026-09-21 09:46:13.467: [INFO] CurrentProfilePath: E:\JAVA-Hibernate-JAP89\.metadata\.plugins\org.eclipse.swt\EBWebView\Default
2026-09-21 09:46:13.467: [INFO] Profiles total count: 1
2026-09-21 09:46:13.467: [INFO] Profile: name=Profile 1 path=E:\JAVA-Hibernate-JAP89\.metadata\.plugins\org.eclipse.swt\EBWebView\Default lastActive=null
2026-09-21 09:46:13.467: [INFO] LastUsedProfileDir: E:\JAVA-Hibernate-JAP89\.metadata\.plugins\org.eclipse.swt\EBWebView\Default
2026-09-21 09:46:13.467: [INFO] OnDoneLoading sync enabled: 0
2026-09-21 09:46:13.468: [INFO] BookmarkModelLoaded, ids_reassigned: 0
2026-09-21 09:46:13.468: [INFO] BookmarksLoadDropped droppedNodes=0
2026-09-21 09:46:13.468: [INFO] BookmarksSnapshot Startup total=0 bar=0 other=0 mobile=0 showBar=0 showBarNTP=1
2026-09-21 09:48:21.921: [INFO] BookmarksSnapshot Shutdown total=0 bar=0 other=0 mobile=0 showBar=0 showBarNTP=1
2026-09-22 09:49:09.545: [INFO] CurrentProfilePath: E:\JAVA-Hibernate-JAP89\.metadata\.plugins\org.eclipse.swt\EBWebView\Default
2026-09-22 09:49:09.545: [INFO] Profiles total count: 1
2026-09-22 09:49:09.545: [INFO] Profile: name=Profile 1 path=E:\JAVA-Hibernate-JAP89\.metadata\.plugins\org.eclipse.swt\EBWebView\Default lastActive=2026-09-21T09:48:17.950Z
2026-09-22 09:49:09.545: [INFO] LastUsedProfileDir: E:\JAVA-Hibernate-JAP89\.metadata\.plugins\org.eclipse.swt\EBWebView\Default
2026-09-22 09:49:09.545: [INFO] MostRecentlyActiveProfile: name=Profile 1 path=E:\JAVA-Hibernate-JAP89\.metadata\.plugins\org.eclipse.swt\EBWebView\Default lastActive=2026-09-21T09:48:17.950Z
2026-09-22 09:49:09.545: [INFO] OnDoneLoading sync enabled: 0
2026-09-22 09:49:09.545: [INFO] BookmarkModelLoaded, ids_reassigned: 0
2026-09-22 09:49:09.545: [INFO] BookmarksLoadDropped droppedNodes=0
2026-09-22 09:49:09.545: [INFO] BookmarksSnapshot Startup total=0 bar=0 other=0 mobile=0 showBar=0 showBarNTP=1
2026-09-22 10:51:34.750: [INFO] BookmarksSnapshot Shutdown total=0 bar=0 other=0 mobile=0 showBar=0 showBarNTP=1
2026-09-22 11:10:40.097: [INFO] CurrentProfilePath: E:\JAVA-Hibernate-JAP89\.metadata\.plugins\org.eclipse.swt\EBWebView\Default
2026-09-22 11:10:40.098: [INFO] Profiles total count: 1
2026-09-22 11:10:40.098: [INFO] Profile: name=Profile 1 path=E:\JAVA-Hibernate-JAP89\.metadata\.plugins\org.eclipse.swt\EBWebView\Default lastActive=2026-09-21T09:48:17.950Z
2026-09-22 11:10:40.098: [INFO] LastUsedProfileDir: E:\JAVA-Hibernate-JAP89\.metadata\.plugins\org.eclipse.swt\EBWebView\Default
2026-09-22 11:10:40.098: [INFO] MostRecentlyActiveProfile: name=Profile 1 path=E:\JAVA-Hibernate-JAP89\.metadata\.plugins\org.eclipse.swt\EBWebView\Default lastActive=2026-09-21T09:48:17.950Z
2026-09-22 11:10:40.098: [INFO] OnDoneLoading sync enabled: 0
2026-09-22 11:10:40.098: [INFO] BookmarkModelLoaded, ids_reassigned: 0
2026-09-22 11:10:40.098: [INFO] BookmarksLoadDropped droppedNodes=0
2026-09-22 11:10:40.098: [INFO] BookmarksSnapshot Startup total=0 bar=0 other=0 mobile=0 showBar=0 showBarNTP=1
2026-09-23 04:48:17.505: [INFO] BookmarksSnapshot Shutdown total=0 bar=0 other=0 mobile=0 showBar=0 showBarNTP=1
2026-09-23 10:13:35.952: [INFO] CurrentProfilePath: E:\JAVA-Hibernate-JAP89\.metadata\.plugins\org.eclipse.swt\EBWebView\Default
2026-09-23 10:13:35.952: [INFO] Profiles total count: 1
2026-09-23 10:13:35.952: [INFO] Profile: name=Profile 1 path=E:\JAVA-Hibernate-JAP89\.metadata\.plugins\org.eclipse.swt\EBWebView\Default lastActive=2026-09-21T09:48:17.950Z
2026-09-23 10:13:35.952: [INFO] LastUsedProfileDir: E:\JAVA-Hibernate-JAP89\.metadata\.plugins\org.eclipse.swt\EBWebView\Default
2026-09-23 10:13:35.952: [INFO] MostRecentlyActiveProfile: name=Profile 1 path=E:\JAVA-Hibernate-JAP89\.metadata\.plugins\org.eclipse.swt\EBWebView\Default lastActive=2026-09-21T09:48:17.950Z
2026-09-23 10:13:35.952: [INFO] OnDoneLoading sync enabled: 0
2026-09-23 10:13:35.952: [INFO] BookmarkModelLoaded, ids_reassigned: 0
2026-09-23 10:13:35.952: [INFO] BookmarksLoadDropped droppedNodes=0
2026-09-23 10:13:35.952: [INFO] BookmarksSnapshot Startup total=0 bar=0 other=0 mobile=0 showBar=0 showBarNTP=1
2026-09-23 10:21:16.215: [INFO] BookmarksSnapshot Shutdown total=0 bar=0 other=0 mobile=0 showBar=0 showBarNTP=1
2026-09-23 10:21:48.656: [INFO] CurrentProfilePath: E:\JAVA-Hibernate-JAP89\.metadata\.plugins\org.eclipse.swt\EBWebView\Default
2026-09-23 10:21:48.656: [INFO] Profiles total count: 1
2026-09-23 10:21:48.656: [INFO] Profile: name=Profile 1 path=E:\JAVA-Hibernate-JAP89\.metadata\.plugins\org.eclipse.swt\EBWebView\Default lastActive=2026-09-21T09:48:17.950Z
2026-09-23 10:21:48.656: [INFO] LastUsedProfileDir: E:\JAVA-Hibernate-JAP89\.metadata\.plugins\org.eclipse.swt\EBWebView\Default
2026-09-23 10:21:48.656: [INFO] MostRecentlyActiveProfile: name=Profile 1 path=E:\JAVA-Hibernate-JAP89\.metadata\.plugins\org.eclipse.swt\EBWebView\Default lastActive=2026-09-21T09:48:17.950Z
2026-09-23 10:21:48.656: [INFO] OnDoneLoading sync enabled: 0
2026-09-23 10:21:48.656: [INFO] BookmarkModelLoaded, ids_reassigned: 0
2026-09-23 10:21:48.656: [INFO] BookmarksLoadDropped droppedNodes=0
2026-09-23 10:21:48.656: [INFO] BookmarksSnapshot Startup total=0 bar=0 other=0 mobile=0 showBar=0 showBarNTP=1
2026-09-23 10:33:01.953: [INFO] BookmarksSnapshot Shutdown total=0 bar=0 other=0 mobile=0 showBar=0 showBarNTP=1
2026-09-23 10:41:43.093: [INFO] CurrentProfilePath: E:\JAVA-Hibernate-JAP89\.metadata\.plugins\org.eclipse.swt\EBWebView\Default
2026-09-23 10:41:43.093: [INFO] Profiles total count: 1
2026-09-23 10:41:43.093: [INFO] Profile: name=Profile 1 path=E:\JAVA-Hibernate-JAP89\.metadata\.plugins\org.eclipse.swt\EBWebView\Default lastActive=2026-09-21T09:48:17.950Z
2026-09-23 10:41:43.093: [INFO] LastUsedProfileDir: E:\JAVA-Hibernate-JAP89\.metadata\.plugins\org.eclipse.swt\EBWebView\Default
2026-09-23 10:41:43.093: [INFO] MostRecentlyActiveProfile: name=Profile 1 path=E:\JAVA-Hibernate-JAP89\.metadata\.plugins\org.eclipse.swt\EBWebView\Default lastActive=2026-09-21T09:48:17.950Z
2026-09-23 10:41:43.093: [INFO] OnDoneLoading sync enabled: 0
2026-09-23 10:41:43.093: [INFO] BookmarkModelLoaded, ids_reassigned: 0
2026-09-23 10:41:43.093: [INFO] BookmarksLoadDropped droppedNodes=0
2026-09-23 10:41:43.093: [INFO] BookmarksSnapshot Startup total=0 bar=0 other=0 mobile=0 showBar=0 showBarNTP=1
2026-09-23 10:45:07.885: [INFO] BookmarksSnapshot Shutdown total=0 bar=0 other=0 mobile=0 showBar=0 showBarNTP=1
2026-09-23 10:54:48.604: [INFO] CurrentProfilePath: E:\JAVA-Hibernate-JAP89\.metadata\.plugins\org.eclipse.swt\EBWebView\Default
2026-09-23 10:54:48.604: [INFO] Profiles total count: 1
2026-09-23 10:54:48.605: [INFO] Profile: name=Profile 1 path=E:\JAVA-Hibernate-JAP89\.metadata\.plugins\org.eclipse.swt\EBWebView\Default lastActive=2026-09-21T09:48:17.950Z
2026-09-23 10:54:48.605: [INFO] LastUsedProfileDir: E:\JAVA-Hibernate-JAP89\.metadata\.plugins\org.eclipse.swt\EBWebView\Default
2026-09-23 10:54:48.605: [INFO] MostRecentlyActiveProfile: name=Profile 1 path=E:\JAVA-Hibernate-JAP89\.metadata\.plugins\org.eclipse.swt\EBWebView\Default lastActive=2026-09-21T09:48:17.950Z
2026-09-23 10:54:48.605: [INFO] OnDoneLoading sync enabled: 0
2026-09-23 10:54:48.605: [INFO] BookmarkModelLoaded, ids_reassigned: 0
2026-09-23 10:54:48.605: [INFO] BookmarksLoadDropped droppedNodes=0
2026-09-23 10:54:48.605: [INFO] BookmarksSnapshot Startup total=0 bar=0 other=0 mobile=0 showBar=0 showBarNTP=1
2026-09-23 10:54:49.051: [INFO] BookmarksSnapshot Shutdown total=0 bar=0 other=0 mobile=0 showBar=0 showBarNTP=1
2026-09-23 10:55:24.605: [INFO] CurrentProfilePath: E:\JAVA-Hibernate-JAP89\.metadata\.plugins\org.eclipse.swt\EBWebView\Default
2026-09-23 10:55:24.605: [INFO] Profiles total count: 1
2026-09-23 10:55:24.605: [INFO] Profile: name=Profile 1 path=E:\JAVA-Hibernate-JAP89\.metadata\.plugins\org.eclipse.swt\EBWebView\Default lastActive=2026-09-21T09:48:17.950Z
2026-09-23 10:55:24.605: [INFO] LastUsedProfileDir: E:\JAVA-Hibernate-JAP89\.metadata\.plugins\org.eclipse.swt\EBWebView\Default
2026-09-23 10:55:24.605: [INFO] MostRecentlyActiveProfile: name=Profile 1 path=E:\JAVA-Hibernate-JAP89\.metadata\.plugins\org.eclipse.swt\EBWebView\Default lastActive=2026-09-21T09:48:17.950Z
2026-09-23 10:55:24.605: [INFO] OnDoneLoading sync enabled: 0
2026-09-23 10:55:24.605: [INFO] BookmarkModelLoaded, ids_reassigned: 0
2026-09-23 10:55:24.605: [INFO] BookmarksLoadDropped droppedNodes=0
2026-09-23 10:55:24.605: [INFO] BookmarksSnapshot Startup total=0 bar=0 other=0 mobile=0 showBar=0 showBarNTP=1
2026-09-23 10:55:24.829: [INFO] BookmarksSnapshot Shutdown total=0 bar=0 other=0 mobile=0 showBar=0 showBarNTP=1
2026-09-23 10:57:31.786: [INFO] CurrentProfilePath: E:\JAVA-Hibernate-JAP89\.metadata\.plugins\org.eclipse.swt\EBWebView\Default
2026-09-23 10:57:31.786: [INFO] Profiles total count: 1
2026-09-23 10:57:31.786: [INFO] Profile: name=Profile 1 path=E:\JAVA-Hibernate-JAP89\.metadata\.plugins\org.eclipse.swt\EBWebView\Default lastActive=2026-09-21T09:48:17.950Z
2026-09-23 10:57:31.786: [INFO] LastUsedProfileDir: E:\JAVA-Hibernate-JAP89\.metadata\.plugins\org.eclipse.swt\EBWebView\Default
2026-09-23 10:57:31.786: [INFO] MostRecentlyActiveProfile: name=Profile 1 path=E:\JAVA-Hibernate-JAP89\.metadata\.plugins\org.eclipse.swt\EBWebView\Default lastActive=2026-09-21T09:48:17.950Z
2026-09-23 10:57:31.786: [INFO] OnDoneLoading sync enabled: 0
2026-09-23 10:57:31.786: [INFO] BookmarkModelLoaded, ids_reassigned: 0
2026-09-23 10:57:31.786: [INFO] BookmarksLoadDropped droppedNodes=0
2026-09-23 10:57:31.786: [INFO] BookmarksSnapshot Startup total=0 bar=0 other=0 mobile=0 showBar=0 showBarNTP=1
2026-09-23 10:57:39.907: [INFO] BookmarksSnapshot Shutdown total=0 bar=0 other=0 mobile=0 showBar=0 showBarNTP=1
2026-09-23 10:58:39.529: [INFO] CurrentProfilePath: E:\JAVA-Hibernate-JAP89\.metadata\.plugins\org.eclipse.swt\EBWebView\Default
2026-09-23 10:58:39.529: [INFO] Profiles total count: 1
2026-09-23 10:58:39.529: [INFO] Profile: name=Profile 1 path=E:\JAVA-Hibernate-JAP89\.metadata\.plugins\org.eclipse.swt\EBWebView\Default lastActive=2026-09-21T09:48:17.950Z
2026-09-23 10:58:39.529: [INFO] LastUsedProfileDir: E:\JAVA-Hibernate-JAP89\.metadata\.plugins\org.eclipse.swt\EBWebView\Default
2026-09-23 10:58:39.529: [INFO] MostRecentlyActiveProfile: name=Profile 1 path=E:\JAVA-Hibernate-JAP89\.metadata\.plugins\org.eclipse.swt\EBWebView\Default lastActive=2026-09-21T09:48:17.950Z
2026-09-23 10:58:39.529: [INFO] OnDoneLoading sync enabled: 0
2026-09-23 10:58:39.529: [INFO] BookmarkModelLoaded, ids_reassigned: 0
2026-09-23 10:58:39.529: [INFO] BookmarksLoadDropped droppedNodes=0
2026-09-23 10:58:39.529: [INFO] BookmarksSnapshot Startup total=0 bar=0 other=0 mobile=0 showBar=0 showBarNTP=1
2026-09-23 10:58:43.566: [INFO] BookmarksSnapshot Shutdown total=0 bar=0 other=0 mobile=0 showBar=0 showBarNTP=1
2026-09-23 10:58:55.822: [INFO] CurrentProfilePath: E:\JAVA-Hibernate-JAP89\.metadata\.plugins\org.eclipse.swt\EBWebView\Default
2026-09-23 10:58:55.822: [INFO] Profiles total count: 1
2026-09-23 10:58:55.822: [INFO] Profile: name=Profile 1 path=E:\JAVA-Hibernate-JAP89\.metadata\.plugins\org.eclipse.swt\EBWebView\Default lastActive=2026-09-21T09:48:17.950Z
2026-09-23 10:58:55.822: [INFO] LastUsedProfileDir: E:\JAVA-Hibernate-JAP89\.metadata\.plugins\org.eclipse.swt\EBWebView\Default
2026-09-23 10:58:55.822: [INFO] MostRecentlyActiveProfile: name=Profile 1 path=E:\JAVA-Hibernate-JAP89\.metadata\.plugins\org.eclipse.swt\EBWebView\Default lastActive=2026-09-21T09:48:17.950Z
2026-09-23 10:58:55.822: [INFO] OnDoneLoading sync enabled: 0
2026-09-23 10:58:55.822: [INFO] BookmarkModelLoaded, ids_reassigned: 0
2026-09-23 10:58:55.822: [INFO] BookmarksLoadDropped droppedNodes=0
2026-09-23 10:58:55.822: [INFO] BookmarksSnapshot Startup total=0 bar=0 other=0 mobile=0 showBar=0 showBarNTP=1
2026-09-23 10:59:47.218: [INFO] BookmarksSnapshot Shutdown total=0 bar=0 other=0 mobile=0 showBar=0 showBarNTP=1
2026-09-23 11:00:05.533: [INFO] CurrentProfilePath: E:\JAVA-Hibernate-JAP89\.metadata\.plugins\org.eclipse.swt\EBWebView\Default
2026-09-23 11:00:05.533: [INFO] Profiles total count: 1
2026-09-23 11:00:05.533: [INFO] Profile: name=Profile 1 path=E:\JAVA-Hibernate-JAP89\.metadata\.plugins\org.eclipse.swt\EBWebView\Default lastActive=2026-09-21T09:48:17.950Z
2026-09-23 11:00:05.533: [INFO] LastUsedProfileDir: E:\JAVA-Hibernate-JAP89\.metadata\.plugins\org.eclipse.swt\EBWebView\Default
2026-09-23 11:00:05.533: [INFO] MostRecentlyActiveProfile: name=Profile 1 path=E:\JAVA-Hibernate-JAP89\.metadata\.plugins\org.eclipse.swt\EBWebView\Default lastActive=2026-09-21T09:48:17.950Z
2026-09-23 11:00:05.533: [INFO] OnDoneLoading sync enabled: 0
2026-09-23 11:00:05.533: [INFO] BookmarkModelLoaded, ids_reassigned: 0
2026-09-23 11:00:05.533: [INFO] BookmarksLoadDropped droppedNodes=0
2026-09-23 11:00:05.533: [INFO] BookmarksSnapshot Startup total=0 bar=0 other=0 mobile=0 showBar=0 showBarNTP=1
2026-09-23 11:21:30.924: [INFO] BookmarksSnapshot Shutdown total=0 bar=0 other=0 mobile=0 showBar=0 showBarNTP=1
2026-09-24 09:30:54.447: [INFO] CurrentProfilePath: E:\JAVA-Hibernate-JAP89\.metadata\.plugins\org.eclipse.swt\EBWebView\Default
2026-09-24 09:30:54.447: [INFO] Profiles total count: 1
2026-09-24 09:30:54.447: [INFO] Profile: name=Profile 1 path=E:\JAVA-Hibernate-JAP89\.metadata\.plugins\org.eclipse.swt\EBWebView\Default lastActive=2026-09-21T09:48:17.950Z
2026-09-24 09:30:54.447: [INFO] LastUsedProfileDir: E:\JAVA-Hibernate-JAP89\.metadata\.plugins\org.eclipse.swt\EBWebView\Default
2026-09-24 09:30:54.447: [INFO] MostRecentlyActiveProfile: name=Profile 1 path=E:\JAVA-Hibernate-JAP89\.metadata\.plugins\org.eclipse.swt\EBWebView\Default lastActive=2026-09-21T09:48:17.950Z
2026-09-24 09:30:54.447: [INFO] OnDoneLoading sync enabled: 0
2026-09-24 09:30:54.447: [INFO] BookmarkModelLoaded, ids_reassigned: 0
2026-09-24 09:30:54.447: [INFO] BookmarksLoadDropped droppedNodes=0
2026-09-24 09:30:54.447: [INFO] BookmarksSnapshot Startup total=0 bar=0 other=0 mobile=0 showBar=0 showBarNTP=1
2026-09-24 09:36:58.544: [INFO] BookmarksSnapshot Shutdown total=0 bar=0 other=0 mobile=0 showBar=0 showBarNTP=1
2026-09-24 09:40:30.410: [INFO] CurrentProfilePath: E:\JAVA-Hibernate-JAP89\.metadata\.plugins\org.eclipse.swt\EBWebView\Default
2026-09-24 09:40:30.410: [INFO] Profiles total count: 1
2026-09-24 09:40:30.410: [INFO] Profile: name=Profile 1 path=E:\JAVA-Hibernate-JAP89\.metadata\.plugins\org.eclipse.swt\EBWebView\Default lastActive=2026-09-21T09:48:17.950Z
2026-09-24 09:40:30.410: [INFO] LastUsedProfileDir: E:\JAVA-Hibernate-JAP89\.metadata\.plugins\org.eclipse.swt\EBWebView\Default
2026-09-24 09:40:30.410: [INFO] MostRecentlyActiveProfile: name=Profile 1 path=E:\JAVA-Hibernate-JAP89\.metadata\.plugins\org.eclipse.swt\EBWebView\Default lastActive=2026-09-21T09:48:17.950Z
2026-09-24 09:40:30.410: [INFO] OnDoneLoading sync enabled: 0
2026-09-24 09:40:30.410: [INFO] BookmarkModelLoaded, ids_reassigned: 0
2026-09-24 09:40:30.410: [INFO] BookmarksLoadDropped droppedNodes=0
2026-09-24 09:40:30.410: [INFO] BookmarksSnapshot Startup total=0 bar=0 other=0 mobile=0 showBar=0 showBarNTP=1
2026-09-24 10:34:04.448: [INFO] BookmarksSnapshot Shutdown total=0 bar=0 other=0 mobile=0 showBar=0 showBarNTP=1
2026-09-24 10:39:35.204: [INFO] CurrentProfilePath: E:\JAVA-Hibernate-JAP89\.metadata\.plugins\org.eclipse.swt\EBWebView\Default
2026-09-24 10:39:35.204: [INFO] Profiles total count: 1
2026-09-24 10:39:35.204: [INFO] Profile: name=Profile 1 path=E:\JAVA-Hibernate-JAP89\.metadata\.plugins\org.eclipse.swt\EBWebView\Default lastActive=2026-09-21T09:48:17.950Z
2026-09-24 10:39:35.204: [INFO] LastUsedProfileDir: E:\JAVA-Hibernate-JAP89\.metadata\.plugins\org.eclipse.swt\EBWebView\Default
2026-09-24 10:39:35.204: [INFO] MostRecentlyActiveProfile: name=Profile 1 path=E:\JAVA-Hibernate-JAP89\.metadata\.plugins\org.eclipse.swt\EBWebView\Default lastActive=2026-09-21T09:48:17.950Z
2026-09-24 10:39:35.204: [INFO] OnDoneLoading sync enabled: 0
2026-09-24 10:39:35.204: [INFO] BookmarkModelLoaded, ids_reassigned: 0
2026-09-24 10:39:35.204: [INFO] BookmarksLoadDropped droppedNodes=0
2026-09-24 10:39:35.204: [INFO] BookmarksSnapshot Startup total=0 bar=0 other=0 mobile=0 showBar=0 showBarNTP=1
2026-09-24 10:40:05.830: [INFO] BookmarksSnapshot Shutdown total=0 bar=0 other=0 mobile=0 showBar=0 showBarNTP=1
2026-09-24 10:45:06.679: [INFO] CurrentProfilePath: E:\JAVA-Hibernate-JAP89\.metadata\.plugins\org.eclipse.swt\EBWebView\Default
2026-09-24 10:45:06.679: [INFO] Profiles total count: 1
2026-09-24 10:45:06.679: [INFO] Profile: name=Profile 1 path=E:\JAVA-Hibernate-JAP89\.metadata\.plugins\org.eclipse.swt\EBWebView\Default lastActive=2026-09-21T09:48:17.950Z
2026-09-24 10:45:06.679: [INFO] LastUsedProfileDir: E:\JAVA-Hibernate-JAP89\.metadata\.plugins\org.eclipse.swt\EBWebView\Default
2026-09-24 10:45:06.679: [INFO] MostRecentlyActiveProfile: name=Profile 1 path=E:\JAVA-Hibernate-JAP89\.metadata\.plugins\org.eclipse.swt\EBWebView\Default lastActive=2026-09-21T09:48:17.950Z
2026-09-24 10:45:06.679: [INFO] OnDoneLoading sync enabled: 0
2026-09-24 10:45:06.679: [INFO] BookmarkModelLoaded, ids_reassigned: 0
2026-09-24 10:45:06.679: [INFO] BookmarksLoadDropped droppedNodes=0
2026-09-24 10:45:06.679: [INFO] BookmarksSnapshot Startup total=0 bar=0 other=0 mobile=0 showBar=0 showBarNTP=1
2026-09-24 11:00:19.284: [INFO] BookmarksSnapshot Shutdown total=0 bar=0 other=0 mobile=0 showBar=0 showBarNTP=1
2026-09-24 11:12:29.478: [INFO] CurrentProfilePath: E:\JAVA-Hibernate-JAP89\.metadata\.plugins\org.eclipse.swt\EBWebView\Default
2026-09-24 11:12:29.478: [INFO] Profiles total count: 1
2026-09-24 11:12:29.478: [INFO] Profile: name=Profile 1 path=E:\JAVA-Hibernate-JAP89\.metadata\.plugins\org.eclipse.swt\EBWebView\Default lastActive=2026-09-21T09:48:17.950Z
2026-09-24 11:12:29.478: [INFO] LastUsedProfileDir: E:\JAVA-Hibernate-JAP89\.metadata\.plugins\org.eclipse.swt\EBWebView\Default
2026-09-24 11:12:29.478: [INFO] MostRecentlyActiveProfile: name=Profile 1 path=E:\JAVA-Hibernate-JAP89\.metadata\.plugins\org.eclipse.swt\EBWebView\Default lastActive=2026-09-21T09:48:17.950Z
2026-09-24 11:12:29.478: [INFO] OnDoneLoading sync enabled: 0
2026-09-24 11:12:29.478: [INFO] BookmarkModelLoaded, ids_reassigned: 0
2026-09-24 11:12:29.478: [INFO] BookmarksLoadDropped droppedNodes=0
2026-09-24 11:12:29.478: [INFO] BookmarksSnapshot Startup total=0 bar=0 other=0 mobile=0 showBar=0 showBarNTP=1
2026-09-24 11:30:43.289: [INFO] BookmarksSnapshot Shutdown total=0 bar=0 other=0 mobile=0 showBar=0 showBarNTP=1
2026-09-25 04:54:08.891: [INFO] CurrentProfilePath: E:\JAVA-Hibernate-JAP89\.metadata\.plugins\org.eclipse.swt\EBWebView\Default
2026-09-25 04:54:08.891: [INFO] Profiles total count: 1
2026-09-25 04:54:08.891: [INFO] Profile: name=Profile 1 path=E:\JAVA-Hibernate-JAP89\.metadata\.plugins\org.eclipse.swt\EBWebView\Default lastActive=2026-09-21T09:48:17.950Z
2026-09-25 04:54:08.892: [INFO] LastUsedProfileDir: E:\JAVA-Hibernate-JAP89\.metadata\.plugins\org.eclipse.swt\EBWebView\Default
2026-09-25 04:54:08.892: [INFO] MostRecentlyActiveProfile: name=Profile 1 path=E:\JAVA-Hibernate-JAP89\.metadata\.plugins\org.eclipse.swt\EBWebView\Default lastActive=2026-09-21T09:48:17.950Z
2026-09-25 04:54:08.892: [INFO] OnDoneLoading sync enabled: 0
2026-09-25 04:54:08.892: [INFO] BookmarkModelLoaded, ids_reassigned: 0
2026-09-25 04:54:08.892: [INFO] BookmarksLoadDropped droppedNodes=0
2026-09-25 04:54:08.892: [INFO] BookmarksSnapshot Startup total=0 bar=0 other=0 mobile=0 showBar=0 showBarNTP=1
2026-09-25 05:21:00.486: [INFO] BookmarksSnapshot Shutdown total=0 bar=0 other=0 mobile=0 showBar=0 showBarNTP=1
2026-09-30 12:18:08.046: [INFO] CurrentProfilePath: E:\JAVA-Hibernate-JAP89\.metadata\.plugins\org.eclipse.swt\EBWebView\Default
2026-09-30 12:18:08.046: [INFO] Profiles total count: 1
2026-09-30 12:18:08.046: [INFO] Profile: name=Profile 1 path=E:\JAVA-Hibernate-JAP89\.metadata\.plugins\org.eclipse.swt\EBWebView\Default lastActive=2026-09-21T09:48:17.950Z
2026-09-30 12:18:08.046: [INFO] LastUsedProfileDir: E:\JAVA-Hibernate-JAP89\.metadata\.plugins\org.eclipse.swt\EBWebView\Default
2026-09-30 12:18:08.046: [INFO] MostRecentlyActiveProfile: name=Profile 1 path=E:\JAVA-Hibernate-JAP89\.metadata\.plugins\org.eclipse.swt\EBWebView\Default lastActive=2026-09-21T09:48:17.950Z
2026-09-30 12:18:08.046: [INFO] OnDoneLoading sync enabled: 0
2026-09-30 12:18:08.046: [INFO] BookmarkModelLoaded, ids_reassigned: 0
2026-09-30 12:18:08.046: [INFO] BookmarksLoadDropped droppedNodes=0
2026-09-30 12:18:08.046: [INFO] BookmarksSnapshot Startup total=0 bar=0 other=0 mobile=0 showBar=0 showBarNTP=1
2026-09-30 12:18:11.251: [INFO] BookmarksSnapshot Shutdown total=0 bar=0 other=0 mobile=0 showBar=0 showBarNTP=1
2026-09-30 12:19:27.355: [INFO] CurrentProfilePath: E:\JAVA-Hibernate-JAP89\.metadata\.plugins\org.eclipse.swt\EBWebView\Default
2026-09-30 12:19:27.356: [INFO] Profiles total count: 1
2026-09-30 12:19:27.356: [INFO] Profile: name=Profile 1 path=E:\JAVA-Hibernate-JAP89\.metadata\.plugins\org.eclipse.swt\EBWebView\Default lastActive=2026-09-21T09:48:17.950Z
2026-09-30 12:19:27.356: [INFO] LastUsedProfileDir: E:\JAVA-Hibernate-JAP89\.metadata\.plugins\org.eclipse.swt\EBWebView\Default
2026-09-30 12:19:27.356: [INFO] MostRecentlyActiveProfile: name=Profile 1 path=E:\JAVA-Hibernate-JAP89\.metadata\.plugins\org.eclipse.swt\EBWebView\Default lastActive=2026-09-21T09:48:17.950Z
2026-09-30 12:19:27.356: [INFO] OnDoneLoading sync enabled: 0
2026-09-30 12:19:27.356: [INFO] BookmarkModelLoaded, ids_reassigned: 0
2026-09-30 12:19:27.356: [INFO] BookmarksLoadDropped droppedNodes=0
2026-09-30 12:19:27.356: [INFO] BookmarksSnapshot Startup total=0 bar=0 other=0 mobile=0 showBar=0 showBarNTP=1
2026-09-30 12:19:31.965: [INFO] BookmarksSnapshot Shutdown total=0 bar=0 other=0 mobile=0 showBar=0 showBarNTP=1
2026-09-30 12:24:15.979: [INFO] CurrentProfilePath: E:\JAVA-Hibernate-JAP89\.metadata\.plugins\org.eclipse.swt\EBWebView\Default
2026-09-30 12:24:15.979: [INFO] Profiles total count: 1
2026-09-30 12:24:15.980: [INFO] Profile: name=Profile 1 path=E:\JAVA-Hibernate-JAP89\.metadata\.plugins\org.eclipse.swt\EBWebView\Default lastActive=2026-09-21T09:48:17.950Z
2026-09-30 12:24:15.980: [INFO] LastUsedProfileDir: E:\JAVA-Hibernate-JAP89\.metadata\.plugins\org.eclipse.swt\EBWebView\Default
2026-09-30 12:24:15.980: [INFO] MostRecentlyActiveProfile: name=Profile 1 path=E:\JAVA-Hibernate-JAP89\.metadata\.plugins\org.eclipse.swt\EBWebView\Default lastActive=2026-09-21T09:48:17.950Z
2026-09-30 12:24:15.980: [INFO] OnDoneLoading sync enabled: 0
2026-09-30 12:24:15.980: [INFO] BookmarkModelLoaded, ids_reassigned: 0
2026-09-30 12:24:15.980: [INFO] BookmarksLoadDropped droppedNodes=0
2026-09-30 12:24:15.980: [INFO] BookmarksSnapshot Startup total=0 bar=0 other=0 mobile=0 showBar=0 showBarNTP=1
2026-09-30 12:24:21.962: [INFO] BookmarksSnapshot Shutdown total=0 bar=0 other=0 mobile=0 showBar=0 showBarNTP=1
2026-09-30 12:24:45.109: [INFO] CurrentProfilePath: E:\JAVA-Hibernate-JAP89\.metadata\.plugins\org.eclipse.swt\EBWebView\Default
2026-09-30 12:24:45.109: [INFO] Profiles total count: 1
2026-09-30 12:24:45.109: [INFO] Profile: name=Profile 1 path=E:\JAVA-Hibernate-JAP89\.metadata\.plugins\org.eclipse.swt\EBWebView\Default lastActive=2026-09-21T09:48:17.950Z
2026-09-30 12:24:45.109: [INFO] LastUsedProfileDir: E:\JAVA-Hibernate-JAP89\.metadata\.plugins\org.eclipse.swt\EBWebView\Default
2026-09-30 12:24:45.109: [INFO] MostRecentlyActiveProfile: name=Profile 1 path=E:\JAVA-Hibernate-JAP89\.metadata\.plugins\org.eclipse.swt\EBWebView\Default lastActive=2026-09-21T09:48:17.950Z
2026-09-30 12:24:45.109: [INFO] OnDoneLoading sync enabled: 0
2026-09-30 12:24:45.109: [INFO] BookmarkModelLoaded, ids_reassigned: 0
2026-09-30 12:24:45.109: [INFO] BookmarksLoadDropped droppedNodes=0
2026-09-30 12:24:45.109: [INFO] BookmarksSnapshot Startup total=0 bar=0 other=0 mobile=0 showBar=0 showBarNTP=1
2026-09-30 12:24:45.295: [INFO] BookmarksSnapshot Shutdown total=0 bar=0 other=0 mobile=0 showBar=0 showBarNTP=1
2026-09-30 12:24:47.698: [INFO] CurrentProfilePath: E:\JAVA-Hibernate-JAP89\.metadata\.plugins\org.eclipse.swt\EBWebView\Default
2026-09-30 12:24:47.698: [INFO] Profiles total count: 1
2026-09-30 12:24:47.699: [INFO] Profile: name=Profile 1 path=E:\JAVA-Hibernate-JAP89\.metadata\.plugins\org.eclipse.swt\EBWebView\Default lastActive=2026-09-21T09:48:17.950Z
2026-09-30 12:24:47.699: [INFO] LastUsedProfileDir: E:\JAVA-Hibernate-JAP89\.metadata\.plugins\org.eclipse.swt\EBWebView\Default
2026-09-30 12:24:47.699: [INFO] MostRecentlyActiveProfile: name=Profile 1 path=E:\JAVA-Hibernate-JAP89\.metadata\.plugins\org.eclipse.swt\EBWebView\Default lastActive=2026-09-21T09:48:17.950Z
2026-09-30 12:24:47.699: [INFO] OnDoneLoading sync enabled: 0
2026-09-30 12:24:47.699: [INFO] BookmarkModelLoaded, ids_reassigned: 0
2026-09-30 12:24:47.699: [INFO] BookmarksLoadDropped droppedNodes=0
2026-09-30 12:24:47.699: [INFO] BookmarksSnapshot Startup total=0 bar=0 other=0 mobile=0 showBar=0 showBarNTP=1
2026-09-30 12:24:52.694: [INFO] BookmarksSnapshot Shutdown total=0 bar=0 other=0 mobile=0 showBar=0 showBarNTP=1
2026-09-30 12:45:17.846: [INFO] CurrentProfilePath: E:\JAVA-Hibernate-JAP89\.metadata\.plugins\org.eclipse.swt\EBWebView\Default
2026-09-30 12:45:17.846: [INFO] Profiles total count: 1
2026-09-30 12:45:17.846: [INFO] Profile: name=Profile 1 path=E:\JAVA-Hibernate-JAP89\.metadata\.plugins\org.eclipse.swt\EBWebView\Default lastActive=2026-09-21T09:48:17.950Z
2026-09-30 12:45:17.846: [INFO] LastUsedProfileDir: E:\JAVA-Hibernate-JAP89\.metadata\.plugins\org.eclipse.swt\EBWebView\Default
2026-09-30 12:45:17.846: [INFO] MostRecentlyActiveProfile: name=Profile 1 path=E:\JAVA-Hibernate-JAP89\.metadata\.plugins\org.eclipse.swt\EBWebView\Default lastActive=2026-09-21T09:48:17.950Z
2026-09-30 12:45:17.846: [INFO] OnDoneLoading sync enabled: 0
2026-09-30 12:45:17.846: [INFO] BookmarkModelLoaded, ids_reassigned: 0
2026-09-30 12:45:17.846: [INFO] BookmarksLoadDropped droppedNodes=0
2026-09-30 12:45:17.846: [INFO] BookmarksSnapshot Startup total=0 bar=0 other=0 mobile=0 showBar=0 showBarNTP=1
2026-09-30 12:45:24.551: [INFO] BookmarksSnapshot Shutdown total=0 bar=0 other=0 mobile=0 showBar=0 showBarNTP=1
2026-09-30 12:45:40.986: [INFO] CurrentProfilePath: E:\JAVA-Hibernate-JAP89\.metadata\.plugins\org.eclipse.swt\EBWebView\Default
2026-09-30 12:45:40.986: [INFO] Profiles total count: 1
2026-09-30 12:45:40.986: [INFO] Profile: name=Profile 1 path=E:\JAVA-Hibernate-JAP89\.metadata\.plugins\org.eclipse.swt\EBWebView\Default lastActive=2026-09-21T09:48:17.950Z
2026-09-30 12:45:40.986: [INFO] LastUsedProfileDir: E:\JAVA-Hibernate-JAP89\.metadata\.plugins\org.eclipse.swt\EBWebView\Default
2026-09-30 12:45:40.986: [INFO] MostRecentlyActiveProfile: name=Profile 1 path=E:\JAVA-Hibernate-JAP89\.metadata\.plugins\org.eclipse.swt\EBWebView\Default lastActive=2026-09-21T09:48:17.950Z
2026-09-30 12:45:40.986: [INFO] OnDoneLoading sync enabled: 0
2026-09-30 12:45:40.986: [INFO] BookmarkModelLoaded, ids_reassigned: 0
2026-09-30 12:45:40.986: [INFO] BookmarksLoadDropped droppedNodes=0
2026-09-30 12:45:40.986: [INFO] BookmarksSnapshot Startup total=0 bar=0 other=0 mobile=0 showBar=0 showBarNTP=1
2026-09-30 12:45:46.004: [INFO] BookmarksSnapshot Shutdown total=0 bar=0 other=0 mobile=0 showBar=0 showBarNTP=1
2026-09-30 12:46:41.469: [INFO] CurrentProfilePath: E:\JAVA-Hibernate-JAP89\.metadata\.plugins\org.eclipse.swt\EBWebView\Default
2026-09-30 12:46:41.470: [INFO] Profiles total count: 1
2026-09-30 12:46:41.470: [INFO] Profile: name=Profile 1 path=E:\JAVA-Hibernate-JAP89\.metadata\.plugins\org.eclipse.swt\EBWebView\Default lastActive=2026-09-21T09:48:17.950Z
2026-09-30 12:46:41.470: [INFO] LastUsedProfileDir: E:\JAVA-Hibernate-JAP89\.metadata\.plugins\org.eclipse.swt\EBWebView\Default
2026-09-30 12:46:41.470: [INFO] MostRecentlyActiveProfile: name=Profile 1 path=E:\JAVA-Hibernate-JAP89\.metadata\.plugins\org.eclipse.swt\EBWebView\Default lastActive=2026-09-21T09:48:17.950Z
2026-09-30 12:46:41.470: [INFO] OnDoneLoading sync enabled: 0
2026-09-30 12:46:41.470: [INFO] BookmarkModelLoaded, ids_reassigned: 0
2026-09-30 12:46:41.470: [INFO] BookmarksLoadDropped droppedNodes=0
2026-09-30 12:46:41.470: [INFO] BookmarksSnapshot Startup total=0 bar=0 other=0 mobile=0 showBar=0 showBarNTP=1
2026-09-30 13:01:56.253: [INFO] BookmarksSnapshot Shutdown total=0 bar=0 other=0 mobile=0 showBar=0 showBarNTP=1
2026-09-30 13:05:00.212: [INFO] CurrentProfilePath: E:\JAVA-Hibernate-JAP89\.metadata\.plugins\org.eclipse.swt\EBWebView\Default
2026-09-30 13:05:00.212: [INFO] Profiles total count: 1
2026-09-30 13:05:00.213: [INFO] Profile: name=Profile 1 path=E:\JAVA-Hibernate-JAP89\.metadata\.plugins\org.eclipse.swt\EBWebView\Default lastActive=2026-09-21T09:48:17.950Z
2026-09-30 13:05:00.213: [INFO] LastUsedProfileDir: E:\JAVA-Hibernate-JAP89\.metadata\.plugins\org.eclipse.swt\EBWebView\Default
2026-09-30 13:05:00.213: [INFO] MostRecentlyActiveProfile: name=Profile 1 path=E:\JAVA-Hibernate-JAP89\.metadata\.plugins\org.eclipse.swt\EBWebView\Default lastActive=2026-09-21T09:48:17.950Z
2026-09-30 13:05:00.213: [INFO] OnDoneLoading sync enabled: 0
2026-09-30 13:05:00.213: [INFO] BookmarkModelLoaded, ids_reassigned: 0
2026-09-30 13:05:00.213: [INFO] BookmarksLoadDropped droppedNodes=0
2026-09-30 13:05:00.213: [INFO] BookmarksSnapshot Startup total=0 bar=0 other=0 mobile=0 showBar=0 showBarNTP=1
2026-10-01 11:49:30.946: [INFO] CurrentProfilePath: E:\JAVA-Hibernate-JAP89\.metadata\.plugins\org.eclipse.swt\EBWebView\Default
2026-10-01 11:49:30.946: [INFO] Profiles total count: 1
2026-10-01 11:49:30.946: [INFO] Profile: name=Profile 1 path=E:\JAVA-Hibernate-JAP89\.metadata\.plugins\org.eclipse.swt\EBWebView\Default lastActive=2026-09-21T09:48:17.950Z
2026-10-01 11:49:30.947: [INFO] LastUsedProfileDir: E:\JAVA-Hibernate-JAP89\.metadata\.plugins\org.eclipse.swt\EBWebView\Default
2026-10-01 11:49:30.947: [INFO] MostRecentlyActiveProfile: name=Profile 1 path=E:\JAVA-Hibernate-JAP89\.metadata\.plugins\org.eclipse.swt\EBWebView\Default lastActive=2026-09-21T09:48:17.950Z
2026-10-01 11:49:30.947: [INFO] OnDoneLoading sync enabled: 0
2026-10-01 11:49:30.947: [INFO] BookmarkModelLoaded, ids_reassigned: 0
2026-10-01 11:49:30.947: [INFO] BookmarksLoadDropped droppedNodes=0
2026-10-01 11:49:30.947: [INFO] BookmarksSnapshot Startup total=0 bar=0 other=0 mobile=0 showBar=0 showBarNTP=1
2026-10-01 11:54:24.168: [INFO] BookmarksSnapshot Shutdown total=0 bar=0 other=0 mobile=0 showBar=0 showBarNTP=1
2026-10-01 12:01:46.282: [INFO] CurrentProfilePath: E:\JAVA-Hibernate-JAP89\.metadata\.plugins\org.eclipse.swt\EBWebView\Default
2026-10-01 12:01:46.282: [INFO] Profiles total count: 1
2026-10-01 12:01:46.283: [INFO] Profile: name=Profile 1 path=E:\JAVA-Hibernate-JAP89\.metadata\.plugins\org.eclipse.swt\EBWebView\Default lastActive=2026-09-21T09:48:17.950Z
2026-10-01 12:01:46.283: [INFO] LastUsedProfileDir: E:\JAVA-Hibernate-JAP89\.metadata\.plugins\org.eclipse.swt\EBWebView\Default
2026-10-01 12:01:46.283: [INFO] MostRecentlyActiveProfile: name=Profile 1 path=E:\JAVA-Hibernate-JAP89\.metadata\.plugins\org.eclipse.swt\EBWebView\Default lastActive=2026-09-21T09:48:17.950Z
2026-10-01 12:01:46.283: [INFO] OnDoneLoading sync enabled: 0
2026-10-01 12:01:46.283: [INFO] BookmarkModelLoaded, ids_reassigned: 0
2026-10-01 12:01:46.283: [INFO] BookmarksLoadDropped droppedNodes=0
2026-10-01 12:01:46.283: [INFO] BookmarksSnapshot Startup total=0 bar=0 other=0 mobile=0 showBar=0 showBarNTP=1
2026-10-01 12:03:12.515: [INFO] BookmarksSnapshot Shutdown total=0 bar=0 other=0 mobile=0 showBar=0 showBarNTP=1
2026-10-01 12:05:13.191: [INFO] CurrentProfilePath: E:\JAVA-Hibernate-JAP89\.metadata\.plugins\org.eclipse.swt\EBWebView\Default
2026-10-01 12:05:13.191: [INFO] Profiles total count: 1
2026-10-01 12:05:13.191: [INFO] Profile: name=Profile 1 path=E:\JAVA-Hibernate-JAP89\.metadata\.plugins\org.eclipse.swt\EBWebView\Default lastActive=2026-09-21T09:48:17.950Z
2026-10-01 12:05:13.191: [INFO] LastUsedProfileDir: E:\JAVA-Hibernate-JAP89\.metadata\.plugins\org.eclipse.swt\EBWebView\Default
2026-10-01 12:05:13.191: [INFO] MostRecentlyActiveProfile: name=Profile 1 path=E:\JAVA-Hibernate-JAP89\.metadata\.plugins\org.eclipse.swt\EBWebView\Default lastActive=2026-09-21T09:48:17.950Z
2026-10-01 12:05:13.191: [INFO] OnDoneLoading sync enabled: 0
2026-10-01 12:05:13.191: [INFO] BookmarkModelLoaded, ids_reassigned: 0
2026-10-01 12:05:13.191: [INFO] BookmarksLoadDropped droppedNodes=0
2026-10-01 12:05:13.191: [INFO] BookmarksSnapshot Startup total=0 bar=0 other=0 mobile=0 showBar=0 showBarNTP=1
2026-10-01 12:25:20.841: [INFO] BookmarksSnapshot Shutdown total=0 bar=0 other=0 mobile=0 showBar=0 showBarNTP=1
2026-10-01 12:31:58.460: [INFO] CurrentProfilePath: E:\JAVA-Hibernate-JAP89\.metadata\.plugins\org.eclipse.swt\EBWebView\Default
2026-10-01 12:31:58.460: [INFO] Profiles total count: 1
2026-10-01 12:31:58.460: [INFO] Profile: name=Profile 1 path=E:\JAVA-Hibernate-JAP89\.metadata\.plugins\org.eclipse.swt\EBWebView\Default lastActive=2026-09-21T09:48:17.950Z
2026-10-01 12:31:58.460: [INFO] LastUsedProfileDir: E:\JAVA-Hibernate-JAP89\.metadata\.plugins\org.eclipse.swt\EBWebView\Default
2026-10-01 12:31:58.460: [INFO] MostRecentlyActiveProfile: name=Profile 1 path=E:\JAVA-Hibernate-JAP89\.metadata\.plugins\org.eclipse.swt\EBWebView\Default lastActive=2026-09-21T09:48:17.950Z
2026-10-01 12:31:58.460: [INFO] OnDoneLoading sync enabled: 0
2026-10-01 12:31:58.460: [INFO] BookmarkModelLoaded, ids_reassigned: 0
2026-10-01 12:31:58.460: [INFO] BookmarksLoadDropped droppedNodes=0
2026-10-01 12:31:58.460: [INFO] BookmarksSnapshot Startup total=0 bar=0 other=0 mobile=0 showBar=0 showBarNTP=1
2026-10-01 12:41:38.849: [INFO] BookmarksSnapshot Shutdown total=0 bar=0 other=0 mobile=0 showBar=0 showBarNTP=1
2026-10-01 13:04:04.409: [INFO] CurrentProfilePath: E:\JAVA-Hibernate-JAP89\.metadata\.plugins\org.eclipse.swt\EBWebView\Default
2026-10-01 13:04:04.409: [INFO] Profiles total count: 1
2026-10-01 13:04:04.409: [INFO] Profile: name=Profile 1 path=E:\JAVA-Hibernate-JAP89\.metadata\.plugins\org.eclipse.swt\EBWebView\Default lastActive=2026-09-21T09:48:17.950Z
2026-10-01 13:04:04.409: [INFO] LastUsedProfileDir: E:\JAVA-Hibernate-JAP89\.metadata\.plugins\org.eclipse.swt\EBWebView\Default
2026-10-01 13:04:04.409: [INFO] MostRecentlyActiveProfile: name=Profile 1 path=E:\JAVA-Hibernate-JAP89\.metadata\.plugins\org.eclipse.swt\EBWebView\Default lastActive=2026-09-21T09:48:17.950Z
2026-10-01 13:04:04.409: [INFO] OnDoneLoading sync enabled: 0
2026-10-01 13:04:04.409: [INFO] BookmarkModelLoaded, ids_reassigned: 0
2026-10-01 13:04:04.409: [INFO] BookmarksLoadDropped droppedNodes=0
2026-10-01 13:04:04.409: [INFO] BookmarksSnapshot Startup total=0 bar=0 other=0 mobile=0 showBar=0 showBarNTP=1
2026-10-01 13:06:42.640: [INFO] BookmarksSnapshot Shutdown total=0 bar=0 other=0 mobile=0 showBar=0 showBarNTP=1
2026-10-01 13:06:51.072: [INFO] CurrentProfilePath: E:\JAVA-Hibernate-JAP89\.metadata\.plugins\org.eclipse.swt\EBWebView\Default
2026-10-01 13:06:51.072: [INFO] Profiles total count: 1
2026-10-01 13:06:51.072: [INFO] Profile: name=Profile 1 path=E:\JAVA-Hibernate-JAP89\.metadata\.plugins\org.eclipse.swt\EBWebView\Default lastActive=2026-09-21T09:48:17.950Z
2026-10-01 13:06:51.072: [INFO] LastUsedProfileDir: E:\JAVA-Hibernate-JAP89\.metadata\.plugins\org.eclipse.swt\EBWebView\Default
2026-10-01 13:06:51.072: [INFO] MostRecentlyActiveProfile: name=Profile 1 path=E:\JAVA-Hibernate-JAP89\.metadata\.plugins\org.eclipse.swt\EBWebView\Default lastActive=2026-09-21T09:48:17.950Z
2026-10-01 13:06:51.072: [INFO] OnDoneLoading sync enabled: 0
2026-10-01 13:06:51.072: [INFO] BookmarkModelLoaded, ids_reassigned: 0
2026-10-01 13:06:51.072: [INFO] BookmarksLoadDropped droppedNodes=0
2026-10-01 13:06:51.072: [INFO] BookmarksSnapshot Startup total=0 bar=0 other=0 mobile=0 showBar=0 showBarNTP=1
2026-10-01 13:07:54.942: [INFO] BookmarksSnapshot Shutdown total=0 bar=0 other=0 mobile=0 showBar=0 showBarNTP=1
2026-10-01 13:08:14.474: [INFO] CurrentProfilePath: E:\JAVA-Hibernate-JAP89\.metadata\.plugins\org.eclipse.swt\EBWebView\Default
2026-10-01 13:08:14.474: [INFO] Profiles total count: 1
2026-10-01 13:08:14.475: [INFO] Profile: name=Profile 1 path=E:\JAVA-Hibernate-JAP89\.metadata\.plugins\org.eclipse.swt\EBWebView\Default lastActive=2026-09-21T09:48:17.950Z
2026-10-01 13:08:14.475: [INFO] LastUsedProfileDir: E:\JAVA-Hibernate-JAP89\.metadata\.plugins\org.eclipse.swt\EBWebView\Default
2026-10-01 13:08:14.475: [INFO] MostRecentlyActiveProfile: name=Profile 1 path=E:\JAVA-Hibernate-JAP89\.metadata\.plugins\org.eclipse.swt\EBWebView\Default lastActive=2026-09-21T09:48:17.950Z
2026-10-01 13:08:14.475: [INFO] OnDoneLoading sync enabled: 0
2026-10-01 13:08:14.475: [INFO] BookmarkModelLoaded, ids_reassigned: 0
2026-10-01 13:08:14.475: [INFO] BookmarksLoadDropped droppedNodes=0
2026-10-01 13:08:14.475: [INFO] BookmarksSnapshot Startup total=0 bar=0 other=0 mobile=0 showBar=0 showBarNTP=1
2026-10-01 13:08:17.617: [INFO] BookmarksSnapshot Shutdown total=0 bar=0 other=0 mobile=0 showBar=0 showBarNTP=1
2026-10-01 13:08:41.875: [INFO] CurrentProfilePath: E:\JAVA-Hibernate-JAP89\.metadata\.plugins\org.eclipse.swt\EBWebView\Default
2026-10-01 13:08:41.875: [INFO] Profiles total count: 1
2026-10-01 13:08:41.876: [INFO] Profile: name=Profile 1 path=E:\JAVA-Hibernate-JAP89\.metadata\.plugins\org.eclipse.swt\EBWebView\Default lastActive=2026-09-21T09:48:17.950Z
2026-10-01 13:08:41.876: [INFO] LastUsedProfileDir: E:\JAVA-Hibernate-JAP89\.metadata\.plugins\org.eclipse.swt\EBWebView\Default
2026-10-01 13:08:41.876: [INFO] MostRecentlyActiveProfile: name=Profile 1 path=E:\JAVA-Hibernate-JAP89\.metadata\.plugins\org.eclipse.swt\EBWebView\Default lastActive=2026-09-21T09:48:17.950Z
2026-10-01 13:08:41.876: [INFO] OnDoneLoading sync enabled: 0
2026-10-01 13:08:41.876: [INFO] BookmarkModelLoaded, ids_reassigned: 0
2026-10-01 13:08:41.876: [INFO] BookmarksLoadDropped droppedNodes=0
2026-10-01 13:08:41.876: [INFO] BookmarksSnapshot Startup total=0 bar=0 other=0 mobile=0 showBar=0 showBarNTP=1
2026-10-01 13:08:42.192: [INFO] BookmarksSnapshot Shutdown total=0 bar=0 other=0 mobile=0 showBar=0 showBarNTP=1
2026-10-01 13:09:18.578: [INFO] CurrentProfilePath: E:\JAVA-Hibernate-JAP89\.metadata\.plugins\org.eclipse.swt\EBWebView\Default
2026-10-01 13:09:18.578: [INFO] Profiles total count: 1
2026-10-01 13:09:18.578: [INFO] Profile: name=Profile 1 path=E:\JAVA-Hibernate-JAP89\.metadata\.plugins\org.eclipse.swt\EBWebView\Default lastActive=2026-09-21T09:48:17.950Z
2026-10-01 13:09:18.578: [INFO] LastUsedProfileDir: E:\JAVA-Hibernate-JAP89\.metadata\.plugins\org.eclipse.swt\EBWebView\Default
2026-10-01 13:09:18.578: [INFO] MostRecentlyActiveProfile: name=Profile 1 path=E:\JAVA-Hibernate-JAP89\.metadata\.plugins\org.eclipse.swt\EBWebView\Default lastActive=2026-09-21T09:48:17.950Z
2026-10-01 13:09:18.578: [INFO] OnDoneLoading sync enabled: 0
2026-10-01 13:09:18.578: [INFO] BookmarkModelLoaded, ids_reassigned: 0
2026-10-01 13:09:18.578: [INFO] BookmarksLoadDropped droppedNodes=0
2026-10-01 13:09:18.578: [INFO] BookmarksSnapshot Startup total=0 bar=0 other=0 mobile=0 showBar=0 showBarNTP=1
2026-10-01 13:10:12.921: [INFO] BookmarksSnapshot Shutdown total=0 bar=0 other=0 mobile=0 showBar=0 showBarNTP=1
2026-10-01 13:12:20.593: [INFO] CurrentProfilePath: E:\JAVA-Hibernate-JAP89\.metadata\.plugins\org.eclipse.swt\EBWebView\Default
2026-10-01 13:12:20.593: [INFO] Profiles total count: 1
2026-10-01 13:12:20.594: [INFO] Profile: name=Profile 1 path=E:\JAVA-Hibernate-JAP89\.metadata\.plugins\org.eclipse.swt\EBWebView\Default lastActive=2026-09-21T09:48:17.950Z
2026-10-01 13:12:20.594: [INFO] LastUsedProfileDir: E:\JAVA-Hibernate-JAP89\.metadata\.plugins\org.eclipse.swt\EBWebView\Default
2026-10-01 13:12:20.594: [INFO] MostRecentlyActiveProfile: name=Profile 1 path=E:\JAVA-Hibernate-JAP89\.metadata\.plugins\org.eclipse.swt\EBWebView\Default lastActive=2026-09-21T09:48:17.950Z
2026-10-01 13:12:20.594: [INFO] OnDoneLoading sync enabled: 0
2026-10-01 13:12:20.594: [INFO] BookmarkModelLoaded, ids_reassigned: 0
2026-10-01 13:12:20.594: [INFO] BookmarksLoadDropped droppedNodes=0
2026-10-01 13:12:20.594: [INFO] BookmarksSnapshot Startup total=0 bar=0 other=0 mobile=0 showBar=0 showBarNTP=1
2026-10-01 13:12:20.781: [INFO] BookmarksSnapshot Shutdown total=0 bar=0 other=0 mobile=0 showBar=0 showBarNTP=1
2026-10-01 13:13:23.048: [INFO] CurrentProfilePath: E:\JAVA-Hibernate-JAP89\.metadata\.plugins\org.eclipse.swt\EBWebView\Default
2026-10-01 13:13:23.048: [INFO] Profiles total count: 1
2026-10-01 13:13:23.048: [INFO] Profile: name=Profile 1 path=E:\JAVA-Hibernate-JAP89\.metadata\.plugins\org.eclipse.swt\EBWebView\Default lastActive=2026-09-21T09:48:17.950Z
2026-10-01 13:13:23.048: [INFO] LastUsedProfileDir: E:\JAVA-Hibernate-JAP89\.metadata\.plugins\org.eclipse.swt\EBWebView\Default
2026-10-01 13:13:23.048: [INFO] MostRecentlyActiveProfile: name=Profile 1 path=E:\JAVA-Hibernate-JAP89\.metadata\.plugins\org.eclipse.swt\EBWebView\Default lastActive=2026-09-21T09:48:17.950Z
2026-10-01 13:13:23.048: [INFO] OnDoneLoading sync enabled: 0
2026-10-01 13:13:23.048: [INFO] BookmarkModelLoaded, ids_reassigned: 0
2026-10-01 13:13:23.048: [INFO] BookmarksLoadDropped droppedNodes=0
2026-10-01 13:13:23.048: [INFO] BookmarksSnapshot Startup total=0 bar=0 other=0 mobile=0 showBar=0 showBarNTP=1
2026-10-02 04:36:43.075: [INFO] CurrentProfilePath: E:\JAVA-Hibernate-JAP89\.metadata\.plugins\org.eclipse.swt\EBWebView\Default
2026-10-02 04:36:43.075: [INFO] Profiles total count: 1
2026-10-02 04:36:43.075: [INFO] Profile: name=Profile 1 path=E:\JAVA-Hibernate-JAP89\.metadata\.plugins\org.eclipse.swt\EBWebView\Default lastActive=2026-09-21T09:48:17.950Z
2026-10-02 04:36:43.075: [INFO] LastUsedProfileDir: E:\JAVA-Hibernate-JAP89\.metadata\.plugins\org.eclipse.swt\EBWebView\Default
2026-10-02 04:36:43.075: [INFO] MostRecentlyActiveProfile: name=Profile 1 path=E:\JAVA-Hibernate-JAP89\.metadata\.plugins\org.eclipse.swt\EBWebView\Default lastActive=2026-09-21T09:48:17.950Z
2026-10-02 04:36:43.075: [INFO] OnDoneLoading sync enabled: 0
2026-10-02 04:36:43.075: [INFO] BookmarkModelLoaded, ids_reassigned: 0
2026-10-02 04:36:43.075: [INFO] BookmarksLoadDropped droppedNodes=0
2026-10-02 04:36:43.075: [INFO] BookmarksSnapshot Startup total=0 bar=0 other=0 mobile=0 showBar=0 showBarNTP=1
2026-10-02 04:52:36.471: [INFO] BookmarksSnapshot Shutdown total=0 bar=0 other=0 mobile=0 showBar=0 showBarNTP=1
2026-10-02 05:09:49.981: [INFO] CurrentProfilePath: E:\JAVA-Hibernate-JAP89\.metadata\.plugins\org.eclipse.swt\EBWebView\Default
2026-10-02 05:09:49.981: [INFO] Profiles total count: 1
2026-10-02 05:09:49.981: [INFO] Profile: name=Profile 1 path=E:\JAVA-Hibernate-JAP89\.metadata\.plugins\org.eclipse.swt\EBWebView\Default lastActive=2026-09-21T09:48:17.950Z
2026-10-02 05:09:49.981: [INFO] LastUsedProfileDir: E:\JAVA-Hibernate-JAP89\.metadata\.plugins\org.eclipse.swt\EBWebView\Default
2026-10-02 05:09:49.981: [INFO] MostRecentlyActiveProfile: name=Profile 1 path=E:\JAVA-Hibernate-JAP89\.metadata\.plugins\org.eclipse.swt\EBWebView\Default lastActive=2026-09-21T09:48:17.950Z
2026-10-02 05:09:49.981: [INFO] OnDoneLoading sync enabled: 0
2026-10-02 05:09:49.981: [INFO] BookmarkModelLoaded, ids_reassigned: 0
2026-10-02 05:09:49.981: [INFO] BookmarksLoadDropped droppedNodes=0
2026-10-02 05:09:49.981: [INFO] BookmarksSnapshot Startup total=0 bar=0 other=0 mobile=0 showBar=0 showBarNTP=1
2026-10-02 05:10:29.545: [INFO] BookmarksSnapshot Shutdown total=0 bar=0 other=0 mobile=0 showBar=0 showBarNTP=1
2026-10-02 05:10:59.406: [INFO] CurrentProfilePath: E:\JAVA-Hibernate-JAP89\.metadata\.plugins\org.eclipse.swt\EBWebView\Default
2026-10-02 05:10:59.406: [INFO] Profiles total count: 1
2026-10-02 05:10:59.406: [INFO] Profile: name=Profile 1 path=E:\JAVA-Hibernate-JAP89\.metadata\.plugins\org.eclipse.swt\EBWebView\Default lastActive=2026-09-21T09:48:17.950Z
2026-10-02 05:10:59.406: [INFO] LastUsedProfileDir: E:\JAVA-Hibernate-JAP89\.metadata\.plugins\org.eclipse.swt\EBWebView\Default
2026-10-02 05:10:59.406: [INFO] MostRecentlyActiveProfile: name=Profile 1 path=E:\JAVA-Hibernate-JAP89\.metadata\.plugins\org.eclipse.swt\EBWebView\Default lastActive=2026-09-21T09:48:17.950Z
2026-10-02 05:10:59.406: [INFO] OnDoneLoading sync enabled: 0
2026-10-02 05:10:59.406: [INFO] BookmarkModelLoaded, ids_reassigned: 0
2026-10-02 05:10:59.406: [INFO] BookmarksLoadDropped droppedNodes=0
2026-10-02 05:10:59.406: [INFO] BookmarksSnapshot Startup total=0 bar=0 other=0 mobile=0 showBar=0 showBarNTP=1
2026-10-02 06:14:06.632: [INFO] BookmarksSnapshot Shutdown total=0 bar=0 other=0 mobile=0 showBar=0 showBarNTP=1
2026-10-02 06:25:24.071: [INFO] CurrentProfilePath: E:\JAVA-Hibernate-JAP89\.metadata\.plugins\org.eclipse.swt\EBWebView\Default
2026-10-02 06:25:24.072: [INFO] Profiles total count: 1
2026-10-02 06:25:24.072: [INFO] Profile: name=Profile 1 path=E:\JAVA-Hibernate-JAP89\.metadata\.plugins\org.eclipse.swt\EBWebView\Default lastActive=2026-09-21T09:48:17.950Z
2026-10-02 06:25:24.072: [INFO] LastUsedProfileDir: E:\JAVA-Hibernate-JAP89\.metadata\.plugins\org.eclipse.swt\EBWebView\Default
2026-10-02 06:25:24.072: [INFO] MostRecentlyActiveProfile: name=Profile 1 path=E:\JAVA-Hibernate-JAP89\.metadata\.plugins\org.eclipse.swt\EBWebView\Default lastActive=2026-09-21T09:48:17.950Z
2026-10-02 06:25:24.072: [INFO] OnDoneLoading sync enabled: 0
2026-10-02 06:25:24.072: [INFO] BookmarkModelLoaded, ids_reassigned: 0
2026-10-02 06:25:24.072: [INFO] BookmarksLoadDropped droppedNodes=0
2026-10-02 06:25:24.072: [INFO] BookmarksSnapshot Startup total=0 bar=0 other=0 mobile=0 showBar=0 showBarNTP=1
2026-10-02 06:25:32.385: [INFO] BookmarksSnapshot Shutdown total=0 bar=0 other=0 mobile=0 showBar=0 showBarNTP=1
2026-10-02 06:28:25.665: [INFO] CurrentProfilePath: E:\JAVA-Hibernate-JAP89\.metadata\.plugins\org.eclipse.swt\EBWebView\Default
2026-10-02 06:28:25.665: [INFO] Profiles total count: 1
2026-10-02 06:28:25.666: [INFO] Profile: name=Profile 1 path=E:\JAVA-Hibernate-JAP89\.metadata\.plugins\org.eclipse.swt\EBWebView\Default lastActive=2026-09-21T09:48:17.950Z
2026-10-02 06:28:25.666: [INFO] LastUsedProfileDir: E:\JAVA-Hibernate-JAP89\.metadata\.plugins\org.eclipse.swt\EBWebView\Default
2026-10-02 06:28:25.666: [INFO] MostRecentlyActiveProfile: name=Profile 1 path=E:\JAVA-Hibernate-JAP89\.metadata\.plugins\org.eclipse.swt\EBWebView\Default lastActive=2026-09-21T09:48:17.950Z
2026-10-02 06:28:25.666: [INFO] OnDoneLoading sync enabled: 0
2026-10-02 06:28:25.666: [INFO] BookmarkModelLoaded, ids_reassigned: 0
2026-10-02 06:28:25.666: [INFO] BookmarksLoadDropped droppedNodes=0
2026-10-02 06:28:25.666: [INFO] BookmarksSnapshot Startup total=0 bar=0 other=0 mobile=0 showBar=0 showBarNTP=1
2026-10-02 06:28:26.075: [INFO] BookmarksSnapshot Shutdown total=0 bar=0 other=0 mobile=0 showBar=0 showBarNTP=1
2026-10-02 06:29:54.728: [INFO] CurrentProfilePath: E:\JAVA-Hibernate-JAP89\.metadata\.plugins\org.eclipse.swt\EBWebView\Default
2026-10-02 06:29:54.728: [INFO] Profiles total count: 1
2026-10-02 06:29:54.728: [INFO] Profile: name=Profile 1 path=E:\JAVA-Hibernate-JAP89\.metadata\.plugins\org.eclipse.swt\EBWebView\Default lastActive=2026-09-21T09:48:17.950Z
2026-10-02 06:29:54.728: [INFO] LastUsedProfileDir: E:\JAVA-Hibernate-JAP89\.metadata\.plugins\org.eclipse.swt\EBWebView\Default
2026-10-02 06:29:54.728: [INFO] MostRecentlyActiveProfile: name=Profile 1 path=E:\JAVA-Hibernate-JAP89\.metadata\.plugins\org.eclipse.swt\EBWebView\Default lastActive=2026-09-21T09:48:17.950Z
2026-10-02 06:29:54.728: [INFO] OnDoneLoading sync enabled: 0
2026-10-02 06:29:54.728: [INFO] BookmarkModelLoaded, ids_reassigned: 0
2026-10-02 06:29:54.728: [INFO] BookmarksLoadDropped droppedNodes=0
2026-10-02 06:29:54.728: [INFO] BookmarksSnapshot Startup total=0 bar=0 other=0 mobile=0 showBar=0 showBarNTP=1
2026-10-02 06:42:49.517: [INFO] BookmarksSnapshot Shutdown total=0 bar=0 other=0 mobile=0 showBar=0 showBarNTP=1
2026-10-02 06:43:29.956: [INFO] CurrentProfilePath: E:\JAVA-Hibernate-JAP89\.metadata\.plugins\org.eclipse.swt\EBWebView\Default
2026-10-02 06:43:29.956: [INFO] Profiles total count: 1
2026-10-02 06:43:29.957: [INFO] Profile: name=Profile 1 path=E:\JAVA-Hibernate-JAP89\.metadata\.plugins\org.eclipse.swt\EBWebView\Default lastActive=2026-09-21T09:48:17.950Z
2026-10-02 06:43:29.957: [INFO] LastUsedProfileDir: E:\JAVA-Hibernate-JAP89\.metadata\.plugins\org.eclipse.swt\EBWebView\Default
2026-10-02 06:43:29.957: [INFO] MostRecentlyActiveProfile: name=Profile 1 path=E:\JAVA-Hibernate-JAP89\.metadata\.plugins\org.eclipse.swt\EBWebView\Default lastActive=2026-09-21T09:48:17.950Z
2026-10-02 06:43:29.957: [INFO] OnDoneLoading sync enabled: 0
2026-10-02 06:43:29.957: [INFO] BookmarkModelLoaded, ids_reassigned: 0
2026-10-02 06:43:29.957: [INFO] BookmarksLoadDropped droppedNodes=0
2026-10-02 06:43:29.957: [INFO] BookmarksSnapshot Startup total=0 bar=0 other=0 mobile=0 showBar=0 showBarNTP=1
2026-10-02 06:45:49.891: [INFO] BookmarksSnapshot Shutdown total=0 bar=0 other=0 mobile=0 showBar=0 showBarNTP=1
2026-10-02 06:46:48.057: [INFO] CurrentProfilePath: E:\JAVA-Hibernate-JAP89\.metadata\.plugins\org.eclipse.swt\EBWebView\Default
2026-10-02 06:46:48.057: [INFO] Profiles total count: 1
2026-10-02 06:46:48.057: [INFO] Profile: name=Profile 1 path=E:\JAVA-Hibernate-JAP89\.metadata\.plugins\org.eclipse.swt\EBWebView\Default lastActive=2026-09-21T09:48:17.950Z
2026-10-02 06:46:48.057: [INFO] LastUsedProfileDir: E:\JAVA-Hibernate-JAP89\.metadata\.plugins\org.eclipse.swt\EBWebView\Default
2026-10-02 06:46:48.057: [INFO] MostRecentlyActiveProfile: name=Profile 1 path=E:\JAVA-Hibernate-JAP89\.metadata\.plugins\org.eclipse.swt\EBWebView\Default lastActive=2026-09-21T09:48:17.950Z
2026-10-02 06:46:48.057: [INFO] OnDoneLoading sync enabled: 0
2026-10-02 06:46:48.057: [INFO] BookmarkModelLoaded, ids_reassigned: 0
2026-10-02 06:46:48.057: [INFO] BookmarksLoadDropped droppedNodes=0
2026-10-02 06:46:48.057: [INFO] BookmarksSnapshot Startup total=0 bar=0 other=0 mobile=0 showBar=0 showBarNTP=1
2026-10-02 06:54:22.302: [INFO] BookmarksSnapshot Shutdown total=0 bar=0 other=0 mobile=0 showBar=0 showBarNTP=1
2026-10-03 12:56:52.397: [INFO] CurrentProfilePath: E:\JAVA-Hibernate-JAP89\.metadata\.plugins\org.eclipse.swt\EBWebView\Default
2026-10-03 12:56:52.397: [INFO] Profiles total count: 1
2026-10-03 12:56:52.397: [INFO] Profile: name=Profile 1 path=E:\JAVA-Hibernate-JAP89\.metadata\.plugins\org.eclipse.swt\EBWebView\Default lastActive=2026-09-21T09:48:17.950Z
2026-10-03 12:56:52.397: [INFO] LastUsedProfileDir: E:\JAVA-Hibernate-JAP89\.metadata\.plugins\org.eclipse.swt\EBWebView\Default
2026-10-03 12:56:52.397: [INFO] MostRecentlyActiveProfile: name=Profile 1 path=E:\JAVA-Hibernate-JAP89\.metadata\.plugins\org.eclipse.swt\EBWebView\Default lastActive=2026-09-21T09:48:17.950Z
2026-10-03 12:56:52.397: [INFO] OnDoneLoading sync enabled: 0
2026-10-03 12:56:52.397: [INFO] BookmarkModelLoaded, ids_reassigned: 0
2026-10-03 12:56:52.397: [INFO] BookmarksLoadDropped droppedNodes=0
2026-10-03 12:56:52.397: [INFO] BookmarksSnapshot Startup total=0 bar=0 other=0 mobile=0 showBar=0 showBarNTP=1
2026-10-03 12:56:56.732: [INFO] BookmarksSnapshot Shutdown total=0 bar=0 other=0 mobile=0 showBar=0 showBarNTP=1
2026-10-03 12:59:49.134: [INFO] CurrentProfilePath: E:\JAVA-Hibernate-JAP89\.metadata\.plugins\org.eclipse.swt\EBWebView\Default
2026-10-03 12:59:49.135: [INFO] Profiles total count: 1
2026-10-03 12:59:49.135: [INFO] Profile: name=Profile 1 path=E:\JAVA-Hibernate-JAP89\.metadata\.plugins\org.eclipse.swt\EBWebView\Default lastActive=2026-09-21T09:48:17.950Z
2026-10-03 12:59:49.135: [INFO] LastUsedProfileDir: E:\JAVA-Hibernate-JAP89\.metadata\.plugins\org.eclipse.swt\EBWebView\Default
2026-10-03 12:59:49.135: [INFO] MostRecentlyActiveProfile: name=Profile 1 path=E:\JAVA-Hibernate-JAP89\.metadata\.plugins\org.eclipse.swt\EBWebView\Default lastActive=2026-09-21T09:48:17.950Z
2026-10-03 12:59:49.135: [INFO] OnDoneLoading sync enabled: 0
2026-10-03 12:59:49.135: [INFO] BookmarkModelLoaded, ids_reassigned: 0
2026-10-03 12:59:49.135: [INFO] BookmarksLoadDropped droppedNodes=0
2026-10-03 12:59:49.135: [INFO] BookmarksSnapshot Startup total=0 bar=0 other=0 mobile=0 showBar=0 showBarNTP=1
2026-10-03 12:59:49.442: [INFO] BookmarksSnapshot Shutdown total=0 bar=0 other=0 mobile=0 showBar=0 showBarNTP=1
2026-10-03 13:03:19.533: [INFO] CurrentProfilePath: E:\JAVA-Hibernate-JAP89\.metadata\.plugins\org.eclipse.swt\EBWebView\Default
2026-10-03 13:03:19.534: [INFO] Profiles total count: 1
2026-10-03 13:03:19.534: [INFO] Profile: name=Profile 1 path=E:\JAVA-Hibernate-JAP89\.metadata\.plugins\org.eclipse.swt\EBWebView\Default lastActive=2026-09-21T09:48:17.950Z
2026-10-03 13:03:19.534: [INFO] LastUsedProfileDir: E:\JAVA-Hibernate-JAP89\.metadata\.plugins\org.eclipse.swt\EBWebView\Default
2026-10-03 13:03:19.534: [INFO] MostRecentlyActiveProfile: name=Profile 1 path=E:\JAVA-Hibernate-JAP89\.metadata\.plugins\org.eclipse.swt\EBWebView\Default lastActive=2026-09-21T09:48:17.950Z
2026-10-03 13:03:19.534: [INFO] OnDoneLoading sync enabled: 0
2026-10-03 13:03:19.534: [INFO] BookmarkModelLoaded, ids_reassigned: 0
2026-10-03 13:03:19.534: [INFO] BookmarksLoadDropped droppedNodes=0
2026-10-03 13:03:19.534: [INFO] BookmarksSnapshot Startup total=0 bar=0 other=0 mobile=0 showBar=0 showBarNTP=1
2026-10-03 13:05:05.225: [INFO] BookmarksSnapshot Shutdown total=0 bar=0 other=0 mobile=0 showBar=0 showBarNTP=1
